../Drivers/STM32C0xx_HAL_Driver/Src/stm32c0xx_hal_pwr 2.c:73:6:HAL_PWR_DeInit	8	static
../Drivers/STM32C0xx_HAL_Driver/Src/stm32c0xx_hal_pwr 2.c:207:6:HAL_PWR_EnableWakeUpPin	16	static
../Drivers/STM32C0xx_HAL_Driver/Src/stm32c0xx_hal_pwr 2.c:228:6:HAL_PWR_DisableWakeUpPin	16	static
../Drivers/STM32C0xx_HAL_Driver/Src/stm32c0xx_hal_pwr 2.c:252:6:HAL_PWR_EnterSLEEPMode	16	static,ignoring_inline_asm
../Drivers/STM32C0xx_HAL_Driver/Src/stm32c0xx_hal_pwr 2.c:300:6:HAL_PWR_EnterSTOPMode	16	static,ignoring_inline_asm
../Drivers/STM32C0xx_HAL_Driver/Src/stm32c0xx_hal_pwr 2.c:343:6:HAL_PWR_EnterSTANDBYMode	8	static,ignoring_inline_asm
../Drivers/STM32C0xx_HAL_Driver/Src/stm32c0xx_hal_pwr 2.c:364:6:HAL_PWR_EnableSleepOnExit	8	static
../Drivers/STM32C0xx_HAL_Driver/Src/stm32c0xx_hal_pwr 2.c:377:6:HAL_PWR_DisableSleepOnExit	8	static
../Drivers/STM32C0xx_HAL_Driver/Src/stm32c0xx_hal_pwr 2.c:390:6:HAL_PWR_EnableSEVOnPend	8	static
../Drivers/STM32C0xx_HAL_Driver/Src/stm32c0xx_hal_pwr 2.c:402:6:HAL_PWR_DisableSEVOnPend	8	static
