../Drivers/BSP/STM32C0xx_Nucleo/stm32c0xx_nucleo.c:139:9:BSP_GetVersion	0	static
../Drivers/BSP/STM32C0xx_Nucleo/stm32c0xx_nucleo.c:148:16:BSP_GetBoardName	0	static
../Drivers/BSP/STM32C0xx_Nucleo/stm32c0xx_nucleo.c:157:16:BSP_GetBoardID	0	static
../Drivers/BSP/STM32C0xx_Nucleo/stm32c0xx_nucleo.c:171:9:BSP_LED_Init	48	static
../Drivers/BSP/STM32C0xx_Nucleo/stm32c0xx_nucleo.c:230:9:BSP_LED_DeInit	16	static
../Drivers/BSP/STM32C0xx_Nucleo/stm32c0xx_nucleo.c:271:9:BSP_LED_On	8	static
../Drivers/BSP/STM32C0xx_Nucleo/stm32c0xx_nucleo.c:313:9:BSP_LED_Off	8	static
../Drivers/BSP/STM32C0xx_Nucleo/stm32c0xx_nucleo.c:355:9:BSP_LED_Toggle	8	static
../Drivers/BSP/STM32C0xx_Nucleo/stm32c0xx_nucleo.c:385:9:BSP_LED_GetState	8	static
../Drivers/BSP/STM32C0xx_Nucleo/stm32c0xx_nucleo.c:417:9:BSP_PB_Init	40	static
../Drivers/BSP/STM32C0xx_Nucleo/stm32c0xx_nucleo.c:462:9:BSP_PB_DeInit	8	static
../Drivers/BSP/STM32C0xx_Nucleo/stm32c0xx_nucleo.c:480:9:BSP_PB_GetState	8	static
../Drivers/BSP/STM32C0xx_Nucleo/stm32c0xx_nucleo.c:490:6:BSP_PB_IRQHandler	8	static
../Drivers/BSP/STM32C0xx_Nucleo/stm32c0xx_nucleo.c:500:13:BSP_PB_Callback	0	static
../Drivers/BSP/STM32C0xx_Nucleo/stm32c0xx_nucleo.c:735:13:BUTTON_USER_EXTI_Callback	8	static
../Drivers/BSP/STM32C0xx_Nucleo/stm32c0xx_nucleo.c:556:9:BSP_COM_DeInit	8	static
../Drivers/BSP/STM32C0xx_Nucleo/stm32c0xx_nucleo.c:589:26:MX_USART2_Init	8	static
../Drivers/BSP/STM32C0xx_Nucleo/stm32c0xx_nucleo.c:518:9:BSP_COM_Init	48	static
../Drivers/BSP/STM32C0xx_Nucleo/stm32c0xx_nucleo.c:687:9:BSP_COM_SelectLogPort	0	static
../Drivers/BSP/STM32C0xx_Nucleo/stm32c0xx_nucleo.c:715:1:__io_putchar	16	static
